FAIL GCA_002288965.1 Xylaria_sp_MSU_SB201401 (no annotated proteins)
ok   GCA_002120305.1 Hypoxylon_sp_CO27_5 12245
ok   GCA_002120315.1 Hypoxylon_sp_CI_4A 11701
FAIL GCA_002081935.3 Kretzschmaria_deusta_DSM_104547 (no annotated proteins)
FAIL GCA_001599175.1 Pestalotiopsis_sp_JCM_9685 (no annotated proteins)
FAIL GCA_000966885.1 Xylaria_sp_JS573 (no annotated proteins)
FAIL GCA_000931505.1 Hypoxylon_sp_E7406B_V1_0 (no annotated proteins)
FAIL GCA_003314315.1 Annulohypoxylon_stygium_MG137 (no annotated proteins)
FAIL GCA_002749545.1 Xylaria_striata_RK1_1 (no annotated proteins)
ok   GCA_000516985.1 Pestalotiopsis_fici_W106_1 15413
ok   GCA_001566295.1 Microdochium_bolleyi_J235TASD1 13165
ok   GCA_001445595.3 Rosellinia_necatrix_W97 12444
FAIL GCA_000751375.2 Daldinia_eschscholtzii_UM1400 (no annotated proteins)
ok   GCA_002120325.1 Daldinia_eschscholzii_EC12 11161
ok   GCA_000349385.1 Eutypa_lata_UCREL1 11685
FAIL GCA_002775035.1 Hypoxylon_pulicicidum_MF5954 (no annotated proteins)
ok   GCA_002120335.1 Hypoxylon_sp_EC38 12531
ok   GCA_002105095.1 Pseudomassariella_vexata_CBS_129021 12565
ok   GCA_022453505.1 Xylaria_flabelliformis_NC1011 12391
ok   GCA_007182795.1 Xylaria_flabelliformis_G536 11404
FAIL GCA_031142775.1 Microdochium_paspali (no annotated proteins)
FAIL GCA_001600575.1 Didymobotryum_rigidum (no annotated proteins)
FAIL GCA_060307455.1 Xylariales_sp_XT01 (no annotated proteins)
ok   GCF_000182925.2 Neurospora_crassa 10812
ok   GCF_000226545.1 Podospora_anserina 10518
ok   GCF_000240135.3 Fusarium_graminearum 13312
ok   GCF_000167675.1 Trichoderma_reesei 9111
ok   GCF_000002495.2 Magnaporthe_oryzae 12989
ok   GCF_000143365.1 Chaetomium_globosum 11040
ok   GCF_000150675.1 Verticillium_dahliae 10535
ok   GCF_000149035.1 Colletotrichum_graminicola 12019
