sexM: NOT monophyletic: best pure clade holds 7 of 9 refs; clade size 47; SH-aLRT 89.9; UFBoot 57.0; refs outside: ['REF|35722_atcc11077_MAT_Minus|gene0|sexM', 'REF|36080_r7b_MAT_Minus|gene1|sexM']
sexP: monophyletic; clade size 71; SH-aLRT 98.1; UFBoot 99.0; refs outside: []

group	status	class	loci
Kickxellomycota	called	no_HMG_box	1
Kickxellomycota	called	other_HMG	6
Kickxellomycota	withheld	label_disagree	1
Kickxellomycota	withheld	no_HMG_box	380
Kickxellomycota	withheld	other_HMG	348
Kickxellomycota	withheld	sexM	2
Mortierellomycota	called	no_HMG_box	2
Mortierellomycota	called	other_HMG	4
Mortierellomycota	withheld	label_agree	2
Mortierellomycota	withheld	no_HMG_box	238
Mortierellomycota	withheld	other_HMG	143
Mortierellomycota	withheld	sexM	2
Mucoromycota/	withheld	no_HMG_box	1
Mucoromycota/Backusellaceae	called	label_agree	7
Mucoromycota/Backusellaceae	called	label_disagree	6
Mucoromycota/Backusellaceae	called	sexM	4
Mucoromycota/Backusellaceae	called	sexP	9
Mucoromycota/Backusellaceae	withheld	label_agree	1
Mucoromycota/Backusellaceae	withheld	no_HMG_box	1
Mucoromycota/Backusellaceae	withheld	other_HMG	3
Mucoromycota/Backusellaceae	withheld	sexP	1
Mucoromycota/Choanephoraceae	called	label_agree	6
Mucoromycota/Choanephoraceae	called	label_disagree	1
Mucoromycota/Choanephoraceae	called	sexM	2
Mucoromycota/Choanephoraceae	called	sexP	5
Mucoromycota/Choanephoraceae	withheld	no_HMG_box	3
Mucoromycota/Choanephoraceae	withheld	other_HMG	5
Mucoromycota/Cunninghamellaceae	called	label_agree	13
Mucoromycota/Cunninghamellaceae	called	other_HMG	6
Mucoromycota/Cunninghamellaceae	called	sexM	4
Mucoromycota/Cunninghamellaceae	called	sexP	9
Mucoromycota/Cunninghamellaceae	withheld	label_agree	1
Mucoromycota/Cunninghamellaceae	withheld	no_HMG_box	15
Mucoromycota/Cunninghamellaceae	withheld	other_HMG	14
Mucoromycota/Cunninghamellaceae	withheld	sexM	1
Mucoromycota/Endogonaceae	withheld	no_HMG_box	2
Mucoromycota/Endogonaceae	withheld	other_HMG	1
Mucoromycota/Lichtheimiaceae	called	other_HMG	1
Mucoromycota/Lichtheimiaceae	withheld	label_agree	2
Mucoromycota/Lichtheimiaceae	withheld	no_HMG_box	32
Mucoromycota/Lichtheimiaceae	withheld	other_HMG	45
Mucoromycota/Lichtheimiaceae	withheld	sexP	2
Mucoromycota/Mucoraceae	called	label_agree	41
Mucoromycota/Mucoraceae	called	label_disagree	4
Mucoromycota/Mucoraceae	called	other_HMG	30
Mucoromycota/Mucoraceae	called	sexM	8
Mucoromycota/Mucoraceae	called	sexP	37
Mucoromycota/Mucoraceae	withheld	label_agree	1
Mucoromycota/Mucoraceae	withheld	no_HMG_box	11
Mucoromycota/Mucoraceae	withheld	other_HMG	61
Mucoromycota/Mucoraceae	withheld	sexP	1
Mucoromycota/Mycotyphaceae	called	label_agree	1
Mucoromycota/Mycotyphaceae	called	sexP	1
Mucoromycota/Mycotyphaceae	withheld	no_HMG_box	2
Mucoromycota/Mycotyphaceae	withheld	other_HMG	2
Mucoromycota/Phycomycetaceae	called	label_agree	5
Mucoromycota/Phycomycetaceae	called	sexM	3
Mucoromycota/Phycomycetaceae	called	sexP	2
Mucoromycota/Phycomycetaceae	withheld	label_agree	2
Mucoromycota/Phycomycetaceae	withheld	no_HMG_box	8
Mucoromycota/Phycomycetaceae	withheld	other_HMG	5
Mucoromycota/Phycomycetaceae	withheld	sexP	2
Mucoromycota/Pilobolaceae	called	label_agree	1
Mucoromycota/Pilobolaceae	called	sexP	1
Mucoromycota/Pilobolaceae	withheld	no_HMG_box	1
Mucoromycota/Pilobolaceae	withheld	other_HMG	1
Mucoromycota/Radiomycetaceae	withheld	other_HMG	2
Mucoromycota/Radiomycetaceae	withheld	sexM+sexP	1
Mucoromycota/Rhizopodaceae	called	label_agree	63
Mucoromycota/Rhizopodaceae	called	label_disagree	34
Mucoromycota/Rhizopodaceae	called	no_HMG_box	1
Mucoromycota/Rhizopodaceae	called	other_HMG	1
Mucoromycota/Rhizopodaceae	called	sexM	45
Mucoromycota/Rhizopodaceae	called	sexP	52
Mucoromycota/Rhizopodaceae	withheld	label_agree	2
Mucoromycota/Rhizopodaceae	withheld	no_HMG_box	103
Mucoromycota/Rhizopodaceae	withheld	other_HMG	23
Mucoromycota/Rhizopodaceae	withheld	sexM	1
Mucoromycota/Rhizopodaceae	withheld	sexP	1
Mucoromycota/Saksenaeaceae	called	label_agree	2
Mucoromycota/Saksenaeaceae	called	sexM	2
Mucoromycota/Saksenaeaceae	withheld	no_HMG_box	1
Mucoromycota/Saksenaeaceae	withheld	other_HMG	2
Mucoromycota/Syncephalastraceae	called	label_agree	1
Mucoromycota/Syncephalastraceae	called	other_HMG	3
Mucoromycota/Syncephalastraceae	called	sexP	1
Mucoromycota/Syncephalastraceae	withheld	no_HMG_box	9
Mucoromycota/Syncephalastraceae	withheld	other_HMG	16
Mucoromycota/Umbelopsidaceae	called	label_agree	8
Mucoromycota/Umbelopsidaceae	called	label_disagree	2
Mucoromycota/Umbelopsidaceae	called	no_HMG_box	5
Mucoromycota/Umbelopsidaceae	called	sexM	2
Mucoromycota/Umbelopsidaceae	called	sexP	8
Mucoromycota/Umbelopsidaceae	withheld	no_HMG_box	7
Mucoromycota/Umbelopsidaceae	withheld	other_HMG	7
nonlocus_outgroup_copies	-	no_HMG_box	29
nonlocus_outgroup_copies	-	other_HMG	188
nonlocus_outgroup_copies	-	sexM	7
nonlocus_outgroup_copies	-	sexP	7

